<table border=2><tr><td colspan=3>Water Level</td></tr><tr><td>Effect</td><td>Personal Thundercloud</td><td>+2.00</td></tr><tr><td>Effect</td><td>The Rain In Loathing</td><td>+2.00</td></tr><tr><td>Item</td><td>heavy duty umbrella</td><td>-2.00</td></tr></table><br>
