{"id":333,"name":"lime","plural":"limes","descid":"839503923","image":"lime.gif","smallimage":"lime.gif","levelreq":2,"quality":"decent","adventures":"2","muscle":"0","mysticality":"0","moxie":"0","fullness":1,"inebriety":0,"spleen":0,"minhp":0,"maxhp":0,"minmp":0,"maxmp":0,"dailyusesleft":15,"notes":"","quest":false,"gift":false,"tradeable":true,"discardable":true,"combat":false,"combatReusable":false,"usable":false,"reusable":false,"multi":false,"fancy":false,"pasteable":true,"smithable":false,"cookable":true,"mixable":true,"candy":false,"candyType":"none","chocolate":false,"potion":false,"seller":"none","buyer":"none","nameLength":4,"noobSkill":"Small Intestine","tcrsName":"lime","skill":"none","recipe":"none"}
{"id":6014,"name":"The Ode to Booze","type":"buff","level":12,"image":"odetobooze.gif","traincost":7500,"class":"Accordion Thief","libram":false,"passive":false,"buff":true,"combat":false,"song":false,"expression":false,"walk":false,"summon":false,"permable":true,"dailylimit":-1,"dailylimitpref":"","timescast":0}
Flip flop: true