Caught exception: net.sourceforge.kolmafia.textui.ScriptException: Bad effect value: this effect does not exist