JavaScript evaluator exception: missing ; before statement (file:%%STACKTRACE_LOCATION%%/exception_javascript_syntax_uncaught.js#1)