Script exception: Bad effect value: this effect does not exist