Script exception: Can't get session logs for a negative number of days (file:%%STACKTRACE_LOCATION%%/exception_ash_library_exception_uncaught.js#3)