11
Script exception: Can't get session logs for a negative number of days (exception_ash_userfunction_helper.ash, line 10)