Caught exception: net.sourceforge.kolmafia.textui.ScriptException: Can't get session logs for a negative number of days (file:%%STACKTRACE_LOCATION%%/exception_ash_library_exception_caught.js#4)