Returned: -1

No semirare found yet this run.

Unexpired counters:
Manual (10)

Returned: 10
Returned: -1
Returned: -1
