rec1 -> rec1: x = 10 y = 20
rec2 -> rec1: x = 30 y = 40
