beanbat has 2 drops.
The first drop is enchanted bean with a rate of 50.
Its image is bean.gif.
