Maximizer: initiative
Loading character status...
Maximizing (1st time may take a while)...
1 combinations checked, best score 0.00
0 results
display =
command =
score = 0.0
effect = none
item = none
skill = none
