$monster[none] has no parts: true
Reports all parts: true