1244335972
844801015
15217923
1915574197
1804289383
1065668062
846930886
2142264300