exception: Null / undefined values in JS objects cannot be converted to ASH.
