exception: Null / undefined values in JS arrays cannot be converted to ASH.
