Script exception: Passing null to an ASH function is not supported. (file:%%STACKTRACE_LOCATION%%/print_null.js#4)
