Returned: org.mozilla.javascript.NativePromise@690113f0