JavaScript exception: Promise did not resolve or reject