Returned: org.mozilla.javascript.NativePromise@37c1e2a4