
Torso Awareness (0 mp)
Summon Holiday Fun! (11 mp)
Communism! (0 mp)

Torso Awareness (0 mp)

