constructor: true
call: true
apply: true
bind: true
toString: true
toSource: true