3
1.5
st
-1
1.8
4
2.0
1
2.0
4
1.0
8
2.0

1
3
2
true
4
1
1

2
2
1
1
10
10
5
5
2
2
8
8
32
32
16
16
8
8
8
9
10
10
9
9
9
8
true
false
false
true
true
false
false

true
true
false
false
false
true
false
true
false
true
true
true
false
true
false

true
false
false
I was called with 2
true
I was called with 3
true
true
