https://kol.coldfront.net/thekolwiki/index.php/Souped_Up_%28effect%29
https://kol.coldfront.net/thekolwiki/index.php/Elven_limbos_gingerbread
https://kol.coldfront.net/thekolwiki/index.php/Frosty
https://kol.coldfront.net/thekolwiki/index.php/Crimbo_Training%3A_Night_Watchman
https://kol.coldfront.net/thekolwiki/index.php/Ascension