Expected ;, found print (test_basic_syntax_error.ash, line 2, char 1 to char 6)
