You gave me 50
Good enough!
I received 50
You gave me 100
I prefer 101
I received 101
You gave me 200
No way!
