Vanya's Castle base=300 color=white
--------------
0-9 -> 50
10-29 -> 60
30-49 -> 70
50-69 -> 80
70-89 -> 90
90-109 -> 100
110-129 -> 110
130-149 -> 120
150-169 -> 130
170-189 -> 140
190-209 -> 150
210-229 -> 160
230-249 -> 170
250-269 -> 180
270-289 -> 190
290-300 -> 200

Vanya's Castle base=300 color=black
--------------
0-4 -> 100
5-14 -> 110
15-24 -> 120
25-34 -> 130
35-44 -> 140
45-54 -> 150
55-64 -> 160
65-74 -> 170
75-84 -> 180
85-94 -> 190
95-104 -> 200
105-114 -> 210
115-124 -> 220
125-134 -> 230
135-144 -> 240
145-154 -> 250
155-164 -> 260
165-174 -> 270
175-184 -> 280
185-194 -> 290
195-204 -> 300
205-214 -> 310
215-224 -> 320
225-234 -> 330
235-244 -> 340
245-254 -> 350
255-264 -> 360
265-274 -> 370
275-284 -> 380
285-294 -> 390
295-300 -> 400

Megalo-City base=300 color=white
--------------
0-9 -> 50
10-29 -> 60
30-49 -> 70
50-69 -> 80
70-89 -> 90
90-109 -> 100
110-129 -> 110
130-149 -> 120
150-169 -> 130
170-189 -> 140
190-209 -> 150
210-229 -> 160
230-249 -> 170
250-269 -> 180
270-289 -> 190
290-300 -> 200

Megalo-City base=300 color=blue
--------------
0-4 -> 100
5-14 -> 110
15-24 -> 120
25-34 -> 130
35-44 -> 140
45-54 -> 150
55-64 -> 160
65-74 -> 170
75-84 -> 180
85-94 -> 190
95-104 -> 200
105-114 -> 210
115-124 -> 220
125-134 -> 230
135-144 -> 240
145-154 -> 250
155-164 -> 260
165-174 -> 270
175-184 -> 280
185-194 -> 290
195-204 -> 300
205-214 -> 310
215-224 -> 320
225-234 -> 330
235-244 -> 340
245-254 -> 350
255-264 -> 360
265-274 -> 370
275-284 -> 380
285-294 -> 390
295-300 -> 400

Hero's Field base=100 color=white
--------------
0-9 -> 50
10-29 -> 60
30-49 -> 70
50-69 -> 80
70-89 -> 90
90-109 -> 100
110-129 -> 110
130-149 -> 120
150-169 -> 130
170-189 -> 140
190-209 -> 150
210-229 -> 160
230-249 -> 170
250-269 -> 180
270-289 -> 190
290-300 -> 200

Hero's Field base=100 color=green
--------------
0-4 -> 100
5-14 -> 110
15-24 -> 120
25-34 -> 130
35-44 -> 140
45-54 -> 150
55-64 -> 160
65-74 -> 170
75-84 -> 180
85-94 -> 190
95-104 -> 200
105-114 -> 210
115-124 -> 220
125-134 -> 230
135-144 -> 240
145-154 -> 250
155-164 -> 260
165-174 -> 270
175-184 -> 280
185-194 -> 290
195-204 -> 300
205-214 -> 310
215-224 -> 320
225-234 -> 330
235-244 -> 340
245-254 -> 350
255-264 -> 360
265-274 -> 370
275-284 -> 380
285-294 -> 390
295-300 -> 400

The Fungus Plains base=150 color=white
--------------
0-9 -> 50
10-29 -> 60
30-49 -> 70
50-69 -> 80
70-89 -> 90
90-109 -> 100
110-129 -> 110
130-149 -> 120
150-169 -> 130
170-189 -> 140
190-209 -> 150
210-229 -> 160
230-249 -> 170
250-269 -> 180
270-289 -> 190
290-300 -> 200

The Fungus Plains base=150 color=red
--------------
0-4 -> 100
5-14 -> 110
15-24 -> 120
25-34 -> 130
35-44 -> 140
45-54 -> 150
55-64 -> 160
65-74 -> 170
75-84 -> 180
85-94 -> 190
95-104 -> 200
105-114 -> 210
115-124 -> 220
125-134 -> 230
135-144 -> 240
145-154 -> 250
155-164 -> 260
165-174 -> 270
175-184 -> 280
185-194 -> 290
195-204 -> 300
205-214 -> 310
215-224 -> 320
225-234 -> 330
235-244 -> 340
245-254 -> 350
255-264 -> 360
265-274 -> 370
275-284 -> 380
285-294 -> 390
295-300 -> 400