none
none
id => 0
name =>
level => 0
image =>
tinyimage =>
skill => none
current_modifiers =>

one
Vampieroghi
id => 1
name =>
level => 0
image => vampieroghi.gif
tinyimage => t_vampieroghi.gif
skill => Bind Vampieroghi
current_modifiers =>

angel
Angel Hair Wisp
id => 3
name =>
level => 0
image => angelwisp.gif
tinyimage => t_wisp.gif
skill => Bind Angel Hair Wisp
current_modifiers =>

partial
Vermincelli
id => 2
name =>
level => 0
image => vermincelli.gif
tinyimage => t_vermincelli.gif
skill => Bind Vermincelli
current_modifiers =>
