> original format_date_time_private(string-string-string)
00

> pre-overload; all coerce to original
00
00

> overloaded with str2-str2-str2
str2-str2-str2
> str3-str3-str3 -> string-string-string (accessing str2-str2-str2 without an exact match is impossible)
00
