Function 'format_date_time(string, string, string)' overrides a library function. (test_function_coercion_override_builtin.ash, line 3, char 8 to char 76)
