No server cookies
cookies true
saucepan has 1 itemid: 7
saucepan true
