Can show true comparison: true
Can show false comparison: true
Can to_path from id: true
Can get path from class: true
Can see paths allow familiars: true
Can see paths don't allow familiars: true
Can find null path: true