Buy, item, single currency: true
Shoprow, skill, single currency: true
Shoprow, item, multiple currencies: true
