eyes
false
0
false
false
none

0
0
false
0
0
0
blood-faced volleyball
false
false
familiar12.gif
false
false

false
false

0
false
false
None
0
3
1
4
1
4
2
Bonk
Frighten
Deluxe Impale
false
false