aggregate int [int]
count(map1) = 0
map1[10] = 0
count(map1) = 0
map1 contains 10 = false

aggregate int [int, int]
count(map2) = 0
map2[10] = aggregate int [int]
count(map2) = 1
map2 contains 10 = true
map2[20][5] = 0
count(map2) = 2
map2 contains 20 = true
count(map2[20]) = 0
map2[20] contains 5 = false
map2a = aggregate int [int]
count(map2) = 3
map2 contains 30 = true
count(map2a) = 0
map2a[12]++ = 0
count(map2a) = 1
map2a contains 12 = true
map2a[12] = 1
map2[30] contains 12 = true
map2[30][12] = 1

aggregate test [int]
count(map3) = 0
map3[1] = record test
count(map3) = 1
map3 contains 1 = true
map3[2].n = 0
count(map3) = 2
map3 contains 2 = true
map3[3].n++ = 0
count(map3) = 3
map3 contains 3 = true
map3[3].n = 1
