aggregate int [item]
January's Garbage Tote => 1
deceased crimbo tree => 2
broken champagne bottle => 3
tinsel tights => 4
wad of used tape => 5
makeshift garbage shirt => 6
replica January's Garbage Tote => 7
